# simulated probe started at 1781607300 endpoint=http://localhost:8080/checkout/health interval=5s
1781607300 pass 141
1781607305 pass 138
1781607310 pass 144
1781607315 pass 147
1781607320 pass 139
1781607325 pass 142
1781607330 pass 146
1781607335 pass 150
1781607340 pass 143
1781607345 pass 137
1781607350 pass 145
1781607355 pass 148
1781607360 pass 151
1781607365 pass 149
1781607370 pass 140
1781607375 pass 136
1781607380 pass 142
1781607385 pass 144
1781607390 pass 147
1781607395 pass 145
1781607400 pass 139
1781607405 pass 141
1781607410 pass 146
1781607415 pass 148
1781607420 pass 150
1781607425 pass 143
1781607430 pass 137
1781607435 pass 140
1781607440 pass 144
1781607445 pass 149
1781607450 pass 152
1781607455 pass 146
1781607460 pass 141
1781607465 pass 139
1781607470 pass 145
1781607475 pass 148
1781607480 pass 151
1781607485 pass 147
1781607490 pass 140
1781607495 pass 138
1781607500 pass 143
1781607505 pass 146
1781607510 pass 150
1781607515 pass 149
1781607520 pass 142
1781607525 pass 137
1781607530 pass 141
1781607535 pass 145
1781607540 pass 148
1781607545 pass 151
1781607550 pass 147
1781607555 pass 140
1781607560 pass 139
1781607565 pass 144
1781607570 pass 146
1781607575 pass 150
1781607580 pass 148
1781607585 pass 141
1781607590 pass 138
1781607595 pass 143
